{
    "tally": [
        [
            {
                "from": "A",
                "to": "D",
                "WINNING": 61,
                "MINORITY": 39,
                "MARGIN": 22
            }
        ],
        [
            {
                "from": "B",
                "to": "A",
                "WINNING": 55,
                "MINORITY": 45,
                "MARGIN": 10
            }
        ],
        [
            {
                "from": "A",
                "to": "C",
                "WINNING": 54,
                "MINORITY": 46,
                "MARGIN": 8
            },
            {
                "from": "C",
                "to": "B",
                "WINNING": 54,
                "MINORITY": 46,
                "MARGIN": 8
            }
        ],
        [
            {
                "from": "D",
                "to": "B",
                "WINNING": 51,
                "MINORITY": 49,
                "MARGIN": 2
            },
            {
                "from": "D",
                "to": "C",
                "WINNING": 51,
                "MINORITY": 49,
                "MARGIN": 2
            }
        ]
    ],
    "arcs": [
        {
            "from": "A",
            "to": "D"
        },
        {
            "from": "B",
            "to": "A"
        },
        {
            "from": "D",
            "to": "C"
        }
    ]
}