{
    "tally": [
        [
            {
                "from": "B",
                "to": "D",
                "win": 33,
                "minority": 12,
                "margin": 21
            }
        ],
        [
            {
                "from": "E",
                "to": "D",
                "win": 31,
                "minority": 14,
                "margin": 17
            }
        ],
        [
            {
                "from": "A",
                "to": "D",
                "win": 30,
                "minority": 15,
                "margin": 15
            }
        ],
        [
            {
                "from": "C",
                "to": "B",
                "win": 29,
                "minority": 16,
                "margin": 13
            }
        ],
        [
            {
                "from": "D",
                "to": "C",
                "win": 28,
                "minority": 17,
                "margin": 11
            }
        ],
        [
            {
                "from": "E",
                "to": "B",
                "win": 27,
                "minority": 18,
                "margin": 9
            }
        ],
        [
            {
                "from": "A",
                "to": "C",
                "win": 26,
                "minority": 19,
                "margin": 7
            }
        ],
        [
            {
                "from": "B",
                "to": "A",
                "win": 25,
                "minority": 20,
                "margin": 5
            }
        ],
        [
            {
                "from": "C",
                "to": "E",
                "win": 24,
                "minority": 21,
                "margin": 3
            }
        ],
        [
            {
                "from": "E",
                "to": "A",
                "win": 23,
                "minority": 22,
                "margin": 1
            }
        ]
    ],
    "arcs": [
        {
            "from": "B",
            "to": "D"
        },
        {
            "from": "E",
            "to": "D"
        },
        {
            "from": "A",
            "to": "D"
        },
        {
            "from": "C",
            "to": "B"
        },
        {
            "from": "E",
            "to": "B"
        },
        {
            "from": "A",
            "to": "C"
        },
        {
            "from": "C",
            "to": "E"
        }
    ]
}