{
    "tally": [
        [
            {
                "from": "B",
                "to": "D",
                "WINNING": 33,
                "MINORITY": 12,
                "MARGIN": 21
            }
        ],
        [
            {
                "from": "E",
                "to": "D",
                "WINNING": 31,
                "MINORITY": 14,
                "MARGIN": 17
            }
        ],
        [
            {
                "from": "A",
                "to": "D",
                "WINNING": 30,
                "MINORITY": 15,
                "MARGIN": 15
            }
        ],
        [
            {
                "from": "C",
                "to": "B",
                "WINNING": 29,
                "MINORITY": 16,
                "MARGIN": 13
            }
        ],
        [
            {
                "from": "D",
                "to": "C",
                "WINNING": 28,
                "MINORITY": 17,
                "MARGIN": 11
            }
        ],
        [
            {
                "from": "E",
                "to": "B",
                "WINNING": 27,
                "MINORITY": 18,
                "MARGIN": 9
            }
        ],
        [
            {
                "from": "A",
                "to": "C",
                "WINNING": 26,
                "MINORITY": 19,
                "MARGIN": 7
            }
        ],
        [
            {
                "from": "B",
                "to": "A",
                "WINNING": 25,
                "MINORITY": 20,
                "MARGIN": 5
            }
        ],
        [
            {
                "from": "C",
                "to": "E",
                "WINNING": 24,
                "MINORITY": 21,
                "MARGIN": 3
            }
        ],
        [
            {
                "from": "E",
                "to": "A",
                "WINNING": 23,
                "MINORITY": 22,
                "MARGIN": 1
            }
        ]
    ],
    "arcs": [
        {
            "from": "B",
            "to": "D"
        },
        {
            "from": "E",
            "to": "D"
        },
        {
            "from": "A",
            "to": "D"
        },
        {
            "from": "C",
            "to": "B"
        },
        {
            "from": "E",
            "to": "B"
        },
        {
            "from": "A",
            "to": "C"
        },
        {
            "from": "C",
            "to": "E"
        }
    ]
}