{
    "tally": [
        [
            {
                "from": "Chattanooga",
                "to": "Knoxville",
                "WINNING": 83,
                "MINORITY": 17,
                "MARGIN": 66
            }
        ],
        [
            {
                "from": "Nashville",
                "to": "Knoxville",
                "WINNING": 68,
                "MINORITY": 32,
                "MARGIN": 36
            },
            {
                "from": "Nashville",
                "to": "Chattanooga",
                "WINNING": 68,
                "MINORITY": 32,
                "MARGIN": 36
            }
        ],
        [
            {
                "from": "Nashville",
                "to": "Memphis",
                "WINNING": 58,
                "MINORITY": 42,
                "MARGIN": 16
            },
            {
                "from": "Knoxville",
                "to": "Memphis",
                "WINNING": 58,
                "MINORITY": 42,
                "MARGIN": 16
            },
            {
                "from": "Chattanooga",
                "to": "Memphis",
                "WINNING": 58,
                "MINORITY": 42,
                "MARGIN": 16
            }
        ]
    ],
    "arcs": [
        {
            "from": "Chattanooga",
            "to": "Knoxville"
        },
        {
            "from": "Nashville",
            "to": "Knoxville"
        },
        {
            "from": "Nashville",
            "to": "Chattanooga"
        },
        {
            "from": "Nashville",
            "to": "Memphis"
        },
        {
            "from": "Knoxville",
            "to": "Memphis"
        },
        {
            "from": "Chattanooga",
            "to": "Memphis"
        }
    ]
}